---
source: tests/api_reports.rs
assertion_line: 166
expression: "&body"
---
{
  "days": [
    {
      "cost": "[cost]",
      "date": "[date]"
    },
    {
      "cost": "[cost]",
      "date": "[date]"
    },
    {
      "cost": "[cost]",
      "date": "[date]"
    },
    {
      "cost": "[cost]",
      "date": "[date]"
    },
    {
      "cost": "[cost]",
      "date": "[date]"
    },
    {
      "cost": "[cost]",
      "date": "[date]"
    },
    {
      "cost": "[cost]",
      "date": "[date]"
    },
    {
      "cost": "[cost]",
      "date": "[date]"
    },
    {
      "cost": "[cost]",
      "date": "[date]"
    },
    {
      "cost": "[cost]",
      "date": "[date]"
    },
    {
      "cost": "[cost]",
      "date": "[date]"
    },
    {
      "cost": "[cost]",
      "date": "[date]"
    },
    {
      "cost": "[cost]",
      "date": "[date]"
    },
    {
      "cost": "[cost]",
      "date": "[date]"
    },
    {
      "cost": "[cost]",
      "date": "[date]"
    },
    {
      "cost": "[cost]",
      "date": "[date]"
    },
    {
      "cost": "[cost]",
      "date": "[date]"
    },
    {
      "cost": "[cost]",
      "date": "[date]"
    },
    {
      "cost": "[cost]",
      "date": "[date]"
    },
    {
      "cost": "[cost]",
      "date": "[date]"
    },
    {
      "cost": "[cost]",
      "date": "[date]"
    },
    {
      "cost": "[cost]",
      "date": "[date]"
    },
    {
      "cost": "[cost]",
      "date": "[date]"
    },
    {
      "cost": "[cost]",
      "date": "[date]"
    },
    {
      "cost": "[cost]",
      "date": "[date]"
    },
    {
      "cost": "[cost]",
      "date": "[date]"
    },
    {
      "cost": "[cost]",
      "date": "[date]"
    },
    {
      "cost": "[cost]",
      "date": "[date]"
    },
    {
      "cost": "[cost]",
      "date": "[date]"
    },
    {
      "cost": "[cost]",
      "date": "[date]"
    }
  ]
}
